2020-09-10 11:34:32,582: INFO: Market will open in 2:55:27.535074.
